ERC report (2025-11-26T19:00:17+0000, Encoding UTF8)
Report includes: Errors, Warnings

***** Sheet /
[power_pin_not_driven]: Input Power pin not driven by any Output Power pins
    ; error
    @(140.97 mm, 71.12 mm): Symbol U1 Pin 5 [V+, Power input, Line]
[power_pin_not_driven]: Input Power pin not driven by any Output Power pins
    ; error
    @(140.97 mm, 86.36 mm): Symbol U1 Pin 2 [V-, Power input, Line]
[footprint_link_issues]: The current configuration does not include the footprint library 'TestPoint'
    ; warning
    @(105.41 mm, 63.50 mm): Symbol J1 [Conn_01x01_Pin]
[lib_symbol_issues]: The current configuration does not include the symbol library 'Connector'
    ; warning
    @(105.41 mm, 63.50 mm): Symbol J1 [Conn_01x01_Pin]
[footprint_link_issues]: The current configuration does not include the footprint library 'TestPoint'
    ; warning
    @(105.41 mm, 76.20 mm): Symbol J2 [Conn_01x01_Pin]
[lib_symbol_issues]: The current configuration does not include the symbol library 'Connector'
    ; warning
    @(105.41 mm, 76.20 mm): Symbol J2 [Conn_01x01_Pin]
[footprint_link_issues]: Footprint 'R_1206_3216Metric' not found in library 'Resistor_SMD'
    ; warning
    @(115.57 mm, 76.20 mm): Symbol R3 [R_US]
[footprint_link_issues]: The current configuration does not include the footprint library 'TestPoint'
    ; warning
    @(105.41 mm, 99.06 mm): Symbol J4 [Conn_01x01_Pin]
[lib_symbol_issues]: The current configuration does not include the symbol library 'Connector'
    ; warning
    @(105.41 mm, 99.06 mm): Symbol J4 [Conn_01x01_Pin]
[footprint_link_issues]: The current configuration does not include the footprint library 'Capacitor_SMD'
    ; warning
    @(121.92 mm, 80.01 mm): Symbol C1 [C_Small]
[footprint_link_issues]: Footprint 'R_1206_3216Metric' not found in library 'Resistor_SMD'
    ; warning
    @(127.00 mm, 93.98 mm): Symbol R1 [R_US]
[footprint_link_issues]: The current configuration does not include the footprint library 'Package_TO_SOT_SMD'
    ; warning
    @(143.51 mm, 78.74 mm): Symbol U1 [TLV2371DBV]
[lib_symbol_issues]: The current configuration does not include the symbol library 'Amplifier_Operational'
    ; warning
    @(143.51 mm, 78.74 mm): Symbol U1 [TLV2371DBV]
[footprint_link_issues]: Footprint 'R_1206_3216Metric' not found in library 'Resistor_SMD'
    ; warning
    @(149.86 mm, 93.98 mm): Symbol R2 [R_US]
[footprint_link_issues]: The current configuration does not include the footprint library 'TestPoint'
    ; warning
    @(177.80 mm, 78.74 mm): Symbol J3 [Conn_01x01_Pin]
[lib_symbol_issues]: The current configuration does not include the symbol library 'Connector'
    ; warning
    @(177.80 mm, 78.74 mm): Symbol J3 [Conn_01x01_Pin]

 ** ERC messages: 16  Errors 2  Warnings 14

 ** Ignored checks:
    - Global label only appears once in the schematic
    - Four connection points are joined together
    - Assigned footprint doesn't match footprint filters
