{
  "addedItems": [
    {
      "kind": "segment",
      "layers": [
        1,
        1
      ],
      "net": "/Progger/SWCLK",
      "shape": {
        "end": {
          "x": 46250000,
          "y": 31500000
        },
        "start": {
          "x": 50447056,
          "y": 31500000
        },
        "type": "segment",
        "width": 200000
      }
    },
    {
      "kind": "segment",
      "layers": [
        1,
        1
      ],
      "net": "/Progger/SWCLK",
      "shape": {
        "end": {
          "x": 50447056,
          "y": 31500000
        },
        "start": {
          "x": 58900000,
          "y": 39952942
        },
        "type": "segment",
        "width": 200000
      }
    },
    {
      "kind": "segment",
      "layers": [
        1,
        1
      ],
      "net": "/Progger/SWCLK",
      "shape": {
        "end": {
          "x": 59673123,
          "y": 42585785
        },
        "start": {
          "x": 59673123,
          "y": 60076877
        },
        "type": "segment",
        "width": 200000
      }
    },
    {
      "kind": "segment",
      "layers": [
        1,
        1
      ],
      "net": "/Progger/SWCLK",
      "shape": {
        "end": {
          "x": 59673123,
          "y": 60076877
        },
        "start": {
          "x": 58035000,
          "y": 61715000
        },
        "type": "segment",
        "width": 200000
      }
    },
    {
      "kind": "segment",
      "layers": [
        1,
        1
      ],
      "net": "/Progger/SWCLK",
      "shape": {
        "end": {
          "x": 49112994,
          "y": 61715000
        },
        "start": {
          "x": 47847993,
          "y": 60450000
        },
        "type": "segment",
        "width": 200000
      }
    },
    {
      "kind": "segment",
      "layers": [
        1,
        1
      ],
      "net": "/Progger/SWCLK",
      "shape": {
        "end": {
          "x": 47847993,
          "y": 60450000
        },
        "start": {
          "x": 47004365,
          "y": 60450000
        },
        "type": "segment",
        "width": 200000
      }
    },
    {
      "kind": "segment",
      "layers": [
        1,
        1
      ],
      "net": "/Progger/SWCLK",
      "shape": {
        "end": {
          "x": 58900000,
          "y": 41812663
        },
        "start": {
          "x": 59673123,
          "y": 42585785
        },
        "type": "segment",
        "width": 200000
      }
    },
    {
      "kind": "segment",
      "layers": [
        1,
        1
      ],
      "net": "/Progger/SWCLK",
      "shape": {
        "end": {
          "x": 58035000,
          "y": 61715000
        },
        "start": {
          "x": 49112994,
          "y": 61715000
        },
        "type": "segment",
        "width": 200000
      }
    },
    {
      "kind": "segment",
      "layers": [
        1,
        1
      ],
      "net": "/Progger/SWCLK",
      "shape": {
        "end": {
          "x": 58900000,
          "y": 39952942
        },
        "start": {
          "x": 58900000,
          "y": 41812663
        },
        "type": "segment",
        "width": 200000
      }
    },
    {
      "kind": "segment",
      "layers": [
        1,
        1
      ],
      "net": "/Progger/SWCLK",
      "shape": {
        "end": {
          "x": 46360000,
          "y": 56354365
        },
        "start": {
          "x": 47004365,
          "y": 55710000
        },
        "type": "segment",
        "width": 200000
      }
    },
    {
      "kind": "segment",
      "layers": [
        1,
        1
      ],
      "net": "/Progger/SWCLK",
      "shape": {
        "end": {
          "x": 46360000,
          "y": 59805635
        },
        "start": {
          "x": 46360000,
          "y": 56354365
        },
        "type": "segment",
        "width": 200000
      }
    },
    {
      "kind": "segment",
      "layers": [
        1,
        1
      ],
      "net": "/Progger/SWCLK",
      "shape": {
        "end": {
          "x": 47004365,
          "y": 55710000
        },
        "start": {
          "x": 47915635,
          "y": 55710000
        },
        "type": "segment",
        "width": 200000
      }
    },
    {
      "kind": "segment",
      "layers": [
        1,
        1
      ],
      "net": "/Progger/SWCLK",
      "shape": {
        "end": {
          "x": 47915635,
          "y": 55710000
        },
        "start": {
          "x": 48560000,
          "y": 56354365
        },
        "type": "segment",
        "width": 200000
      }
    },
    {
      "kind": "segment",
      "layers": [
        1,
        1
      ],
      "net": "/Progger/SWCLK",
      "shape": {
        "end": {
          "x": 47004365,
          "y": 60450000
        },
        "start": {
          "x": 46360000,
          "y": 59805635
        },
        "type": "segment",
        "width": 200000
      }
    },
    {
      "kind": "segment",
      "layers": [
        1,
        1
      ],
      "net": "/Progger/SWCLK",
      "shape": {
        "end": {
          "x": 48560000,
          "y": 57584314
        },
        "start": {
          "x": 50000000,
          "y": 59024315
        },
        "type": "segment",
        "width": 200000
      }
    },
    {
      "kind": "segment",
      "layers": [
        1,
        1
      ],
      "net": "/Progger/SWCLK",
      "shape": {
        "end": {
          "x": 48560000,
          "y": 56354365
        },
        "start": {
          "x": 48560000,
          "y": 57584314
        },
        "type": "segment",
        "width": 200000
      }
    },
    {
      "kind": "segment",
      "layers": [
        1,
        1
      ],
      "net": "/Progger/SWCLK",
      "shape": {
        "end": {
          "x": 50000000,
          "y": 59024315
        },
        "start": {
          "x": 50000000,
          "y": 59650000
        },
        "type": "segment",
        "width": 200000
      }
    }
  ],
  "events": [
    {
      "layer": 0,
      "position": {
        "x": 59750000,
        "y": 57180000
      },
      "sizes": {
        "layerBottom": 2,
        "layerTop": 0,
        "trackWidth": 155000,
        "trackWidthIsExplicit": true,
        "viaDiameter": 600000,
        "viaDrill": 250000,
        "viaType": 4
      },
      "type": 1,
      "uuids": [
        "4091721b-6b58-4af4-9cfd-ee40dea5b6f8"
      ]
    },
    {
      "layer": 0,
      "position": {
        "x": 59750000,
        "y": 57180000
      },
      "sizes": {
        "layerBottom": 2,
        "layerTop": 0,
        "trackWidth": 155000,
        "trackWidthIsExplicit": true,
        "viaDiameter": 600000,
        "viaDrill": 250000,
        "viaType": 4
      },
      "type": 3,
      "uuids": []
    },
    {
      "layer": 0,
      "position": {
        "x": 59770000,
        "y": 57180000
      },
      "sizes": {
        "layerBottom": 2,
        "layerTop": 0,
        "trackWidth": 155000,
        "trackWidthIsExplicit": true,
        "viaDiameter": 600000,
        "viaDrill": 250000,
        "viaType": 4
      },
      "type": 3,
      "uuids": []
    },
    {
      "layer": 0,
      "position": {
        "x": 59750000,
        "y": 57180000
      },
      "sizes": {
        "layerBottom": 2,
        "layerTop": 0,
        "trackWidth": 155000,
        "trackWidthIsExplicit": true,
        "viaDiameter": 600000,
        "viaDrill": 250000,
        "viaType": 4
      },
      "type": 3,
      "uuids": []
    },
    {
      "layer": 0,
      "position": {
        "x": 59720000,
        "y": 57200000
      },
      "sizes": {
        "layerBottom": 2,
        "layerTop": 0,
        "trackWidth": 155000,
        "trackWidthIsExplicit": true,
        "viaDiameter": 600000,
        "viaDrill": 250000,
        "viaType": 4
      },
      "type": 3,
      "uuids": []
    },
    {
      "layer": 0,
      "position": {
        "x": 59700000,
        "y": 57200000
      },
      "sizes": {
        "layerBottom": 2,
        "layerTop": 0,
        "trackWidth": 155000,
        "trackWidthIsExplicit": true,
        "viaDiameter": 600000,
        "viaDrill": 250000,
        "viaType": 4
      },
      "type": 3,
      "uuids": []
    },
    {
      "layer": 0,
      "position": {
        "x": 59660000,
        "y": 57200000
      },
      "sizes": {
        "layerBottom": 2,
        "layerTop": 0,
        "trackWidth": 155000,
        "trackWidthIsExplicit": true,
        "viaDiameter": 600000,
        "viaDrill": 250000,
        "viaType": 4
      },
      "type": 3,
      "uuids": []
    },
    {
      "layer": 0,
      "position": {
        "x": 59640000,
        "y": 57200000
      },
      "sizes": {
        "layerBottom": 2,
        "layerTop": 0,
        "trackWidth": 155000,
        "trackWidthIsExplicit": true,
        "viaDiameter": 600000,
        "viaDrill": 250000,
        "viaType": 4
      },
      "type": 3,
      "uuids": []
    },
    {
      "layer": 0,
      "position": {
        "x": 59600000,
        "y": 57220000
      },
      "sizes": {
        "layerBottom": 2,
        "layerTop": 0,
        "trackWidth": 155000,
        "trackWidthIsExplicit": true,
        "viaDiameter": 600000,
        "viaDrill": 250000,
        "viaType": 4
      },
      "type": 3,
      "uuids": []
    },
    {
      "layer": 0,
      "position": {
        "x": 59560000,
        "y": 57220000
      },
      "sizes": {
        "layerBottom": 2,
        "layerTop": 0,
        "trackWidth": 155000,
        "trackWidthIsExplicit": true,
        "viaDiameter": 600000,
        "viaDrill": 250000,
        "viaType": 4
      },
      "type": 3,
      "uuids": []
    },
    {
      "layer": 0,
      "position": {
        "x": 59520000,
        "y": 57220000
      },
      "sizes": {
        "layerBottom": 2,
        "layerTop": 0,
        "trackWidth": 155000,
        "trackWidthIsExplicit": true,
        "viaDiameter": 600000,
        "viaDrill": 250000,
        "viaType": 4
      },
      "type": 3,
      "uuids": []
    },
    {
      "layer": 0,
      "position": {
        "x": 59500000,
        "y": 57220000
      },
      "sizes": {
        "layerBottom": 2,
        "layerTop": 0,
        "trackWidth": 155000,
        "trackWidthIsExplicit": true,
        "viaDiameter": 600000,
        "viaDrill": 250000,
        "viaType": 4
      },
      "type": 3,
      "uuids": []
    },
    {
      "layer": 0,
      "position": {
        "x": 59430000,
        "y": 57240000
      },
      "sizes": {
        "layerBottom": 2,
        "layerTop": 0,
        "trackWidth": 155000,
        "trackWidthIsExplicit": true,
        "viaDiameter": 600000,
        "viaDrill": 250000,
        "viaType": 4
      },
      "type": 3,
      "uuids": []
    },
    {
      "layer": 0,
      "position": {
        "x": 59390000,
        "y": 57240000
      },
      "sizes": {
        "layerBottom": 2,
        "layerTop": 0,
        "trackWidth": 155000,
        "trackWidthIsExplicit": true,
        "viaDiameter": 600000,
        "viaDrill": 250000,
        "viaType": 4
      },
      "type": 3,
      "uuids": []
    },
    {
      "layer": 0,
      "position": {
        "x": 59330000,
        "y": 57240000
      },
      "sizes": {
        "layerBottom": 2,
        "layerTop": 0,
        "trackWidth": 155000,
        "trackWidthIsExplicit": true,
        "viaDiameter": 600000,
        "viaDrill": 250000,
        "viaType": 4
      },
      "type": 3,
      "uuids": []
    },
    {
      "layer": 0,
      "position": {
        "x": 59310000,
        "y": 57240000
      },
      "sizes": {
        "layerBottom": 2,
        "layerTop": 0,
        "trackWidth": 155000,
        "trackWidthIsExplicit": true,
        "viaDiameter": 600000,
        "viaDrill": 250000,
        "viaType": 4
      },
      "type": 3,
      "uuids": []
    },
    {
      "layer": 0,
      "position": {
        "x": 59290000,
        "y": 57240000
      },
      "sizes": {
        "layerBottom": 2,
        "layerTop": 0,
        "trackWidth": 155000,
        "trackWidthIsExplicit": true,
        "viaDiameter": 600000,
        "viaDrill": 250000,
        "viaType": 4
      },
      "type": 3,
      "uuids": []
    },
    {
      "layer": 0,
      "position": {
        "x": 59270000,
        "y": 57240000
      },
      "sizes": {
        "layerBottom": 2,
        "layerTop": 0,
        "trackWidth": 155000,
        "trackWidthIsExplicit": true,
        "viaDiameter": 600000,
        "viaDrill": 250000,
        "viaType": 4
      },
      "type": 3,
      "uuids": []
    }
  ],
  "headItems": [
    {
      "kind": "line",
      "layers": [
        1,
        1
      ],
      "net": "/Progger/SWCLK"
    }
  ],
  "mode": 1,
  "removedItems": [
    "12ed5971-97ec-480b-8ff1-b870682b272a",
    "13b22abd-22d9-40cc-b0fd-40cd40d9fd90",
    "1d96bb0f-70b2-42a1-9ca8-188ebcc7f7e5",
    "2946e455-c09e-4503-8cc6-2872bb4ec086",
    "4091721b-6b58-4af4-9cfd-ee40dea5b6f8",
    "429ead51-59eb-4609-b38c-72359550aa1b",
    "46e6b08d-6754-4996-9d1d-3b7743e89e1a",
    "553f7c68-ce28-4a9d-ba56-ae0383c76971",
    "5699a1ab-4f4a-459d-86c2-e8b20fda2235",
    "5f08076a-6922-4afa-a68c-fda0e01b2f38",
    "7608da68-b655-4e1b-b8fa-10b67effc722",
    "777ac93c-b515-4046-a5ca-0a0d1a69fa12",
    "9d75e551-d614-44f4-99b0-cdea584aa436",
    "a29f1ea1-85e9-43b3-9085-3bd2abf29006",
    "b180f4e6-9e61-43a6-89a7-aaa5e2816ec8",
    "bff7d1e5-5957-43b4-9d94-41fc7ed95b1f",
    "c29157e1-2e1e-4dd3-803c-d9f4ebc1cb14",
    "e1823097-3ac8-44a5-bc27-7dafce4966b2",
    "fc857056-724f-4ca4-962b-e213ddc840c6"
  ],
  "test_case_type": 0
}
